// Jest Snapshot v1, https://goo.gl/fbAQLP

exports[`compact format matches previous version 1`] = `
"Route /foos                [2m__tests__/_regressionsApp.js:6:5[0m
  POST / <anonymous>       [2m__tests__/_regressionsApp.js:6:5[0m
Route /foos/:id            [2m__tests__/_regressionsApp.js:20:1[0m
  GET / <anonymous>        [2m__tests__/_regressionsApp.js:21:1[0m
  DELETE / <anonymous>     [2m__tests__/_regressionsApp.js:24:7[0m
Router /bars               [2m__tests__/_regressionsApp.js:39:5[0m
  Route /                  [2m__tests__/_regressionsApp.js:31:8[0m
    GET / <anonymous>      [2m__tests__/_regressionsApp.js:31:8[0m
  Route /:id               [2m__tests__/_regressionsApp.js:35:8[0m
    GET / <anonymous>      [2m__tests__/_regressionsApp.js:35:8[0m
Route /baz                 [2m__tests__/_regressionsApp.js:45:5[0m
  GET / localMiddleware    [2m__tests__/_regressionsApp.js:45:5[0m
  GET / <anonymous>        [2m__tests__/_regressionsApp.js:45:5[0m
"
`;

exports[`json format matches previous version 1`] = `
"{
  \\"type\\": \\"app\\",
  \\"children\\": [
    {
      \\"type\\": \\"handler\\",
      \\"instance\\": \\"[Function]\\",
      \\"name\\": \\"query\\",
      \\"trace\\": [
        {
          \\"typeName\\": \\"Object\\",
          \\"functionName\\": \\"Object.<anonymous>\\",
          \\"methodName\\": null,
          \\"fileName\\": \\"__tests__/_regressionsApp.js\\",
          \\"lineNumber\\": 6,
          \\"columnNumber\\": 5,
          \\"evalOrigin\\": \\"__tests__/_regressionsApp.js\\",
          \\"toplevel\\": false,
          \\"eval\\": false,
          \\"native\\": false,
          \\"constructor\\": false
        }
      ],
      \\"path\\": \\"/\\"
    },
    {
      \\"type\\": \\"handler\\",
      \\"instance\\": \\"[Function]\\",
      \\"name\\": \\"expressInit\\",
      \\"trace\\": [
        {
          \\"typeName\\": \\"Object\\",
          \\"functionName\\": \\"Object.<anonymous>\\",
          \\"methodName\\": null,
          \\"fileName\\": \\"__tests__/_regressionsApp.js\\",
          \\"lineNumber\\": 6,
          \\"columnNumber\\": 5,
          \\"evalOrigin\\": \\"__tests__/_regressionsApp.js\\",
          \\"toplevel\\": false,
          \\"eval\\": false,
          \\"native\\": false,
          \\"constructor\\": false
        }
      ],
      \\"path\\": \\"/\\"
    },
    {
      \\"type\\": \\"route\\",
      \\"instance\\": \\"[Route]\\",
      \\"children\\": [
        {
          \\"type\\": \\"handler\\",
          \\"instance\\": \\"[Function]\\",
          \\"name\\": \\"<anonymous>\\",
          \\"method\\": \\"post\\",
          \\"trace\\": [
            {
              \\"typeName\\": \\"Object\\",
              \\"functionName\\": \\"Object.<anonymous>\\",
              \\"methodName\\": null,
              \\"fileName\\": \\"__tests__/_regressionsApp.js\\",
              \\"lineNumber\\": 6,
              \\"columnNumber\\": 5,
              \\"evalOrigin\\": \\"__tests__/_regressionsApp.js\\",
              \\"toplevel\\": false,
              \\"eval\\": false,
              \\"native\\": false,
              \\"constructor\\": false
            }
          ],
          \\"path\\": \\"/\\"
        }
      ],
      \\"trace\\": [
        {
          \\"typeName\\": \\"Object\\",
          \\"functionName\\": \\"Object.<anonymous>\\",
          \\"methodName\\": null,
          \\"fileName\\": \\"__tests__/_regressionsApp.js\\",
          \\"lineNumber\\": 6,
          \\"columnNumber\\": 5,
          \\"evalOrigin\\": \\"__tests__/_regressionsApp.js\\",
          \\"toplevel\\": false,
          \\"eval\\": false,
          \\"native\\": false,
          \\"constructor\\": false
        }
      ],
      \\"path\\": \\"/foos\\"
    },
    {
      \\"type\\": \\"handler\\",
      \\"instance\\": \\"[Function]\\",
      \\"name\\": \\"<anonymous>\\",
      \\"trace\\": [
        {
          \\"typeName\\": \\"Object\\",
          \\"functionName\\": \\"Object.<anonymous>\\",
          \\"methodName\\": null,
          \\"fileName\\": \\"__tests__/_regressionsApp.js\\",
          \\"lineNumber\\": 11,
          \\"columnNumber\\": 5,
          \\"evalOrigin\\": \\"__tests__/_regressionsApp.js\\",
          \\"toplevel\\": false,
          \\"eval\\": false,
          \\"native\\": false,
          \\"constructor\\": false
        }
      ],
      \\"path\\": \\"/\\"
    },
    {
      \\"type\\": \\"route\\",
      \\"instance\\": \\"[Route]\\",
      \\"children\\": [
        {
          \\"type\\": \\"handler\\",
          \\"instance\\": \\"[Function]\\",
          \\"name\\": \\"<anonymous>\\",
          \\"method\\": \\"get\\",
          \\"trace\\": [
            {
              \\"typeName\\": \\"Object\\",
              \\"functionName\\": \\"Object.<anonymous>\\",
              \\"methodName\\": null,
              \\"fileName\\": \\"__tests__/_regressionsApp.js\\",
              \\"lineNumber\\": 21,
              \\"columnNumber\\": 1,
              \\"evalOrigin\\": \\"__tests__/_regressionsApp.js\\",
              \\"toplevel\\": false,
              \\"eval\\": false,
              \\"native\\": false,
              \\"constructor\\": false
            }
          ],
          \\"path\\": \\"/\\"
        },
        {
          \\"type\\": \\"handler\\",
          \\"instance\\": \\"[Function]\\",
          \\"name\\": \\"<anonymous>\\",
          \\"method\\": \\"delete\\",
          \\"trace\\": [
            {
              \\"typeName\\": \\"Object\\",
              \\"functionName\\": \\"Object.<anonymous>\\",
              \\"methodName\\": null,
              \\"fileName\\": \\"__tests__/_regressionsApp.js\\",
              \\"lineNumber\\": 24,
              \\"columnNumber\\": 7,
              \\"evalOrigin\\": \\"__tests__/_regressionsApp.js\\",
              \\"toplevel\\": false,
              \\"eval\\": false,
              \\"native\\": false,
              \\"constructor\\": false
            }
          ],
          \\"path\\": \\"/\\"
        }
      ],
      \\"trace\\": [
        {
          \\"typeName\\": \\"Object\\",
          \\"functionName\\": \\"Object.<anonymous>\\",
          \\"methodName\\": null,
          \\"fileName\\": \\"__tests__/_regressionsApp.js\\",
          \\"lineNumber\\": 20,
          \\"columnNumber\\": 1,
          \\"evalOrigin\\": \\"__tests__/_regressionsApp.js\\",
          \\"toplevel\\": false,
          \\"eval\\": false,
          \\"native\\": false,
          \\"constructor\\": false
        }
      ],
      \\"path\\": \\"/foos/:id\\"
    },
    {
      \\"type\\": \\"router\\",
      \\"instance\\": \\"[Function]\\",
      \\"children\\": [
        {
          \\"type\\": \\"route\\",
          \\"instance\\": \\"[Route]\\",
          \\"children\\": [
            {
              \\"type\\": \\"handler\\",
              \\"instance\\": \\"[Function]\\",
              \\"name\\": \\"<anonymous>\\",
              \\"method\\": \\"get\\",
              \\"trace\\": [
                {
                  \\"typeName\\": \\"Object\\",
                  \\"functionName\\": \\"Object.<anonymous>\\",
                  \\"methodName\\": null,
                  \\"fileName\\": \\"__tests__/_regressionsApp.js\\",
                  \\"lineNumber\\": 31,
                  \\"columnNumber\\": 8,
                  \\"evalOrigin\\": \\"__tests__/_regressionsApp.js\\",
                  \\"toplevel\\": false,
                  \\"eval\\": false,
                  \\"native\\": false,
                  \\"constructor\\": false
                }
              ],
              \\"path\\": \\"/\\"
            }
          ],
          \\"trace\\": [
            {
              \\"typeName\\": \\"Object\\",
              \\"functionName\\": \\"Object.<anonymous>\\",
              \\"methodName\\": null,
              \\"fileName\\": \\"__tests__/_regressionsApp.js\\",
              \\"lineNumber\\": 31,
              \\"columnNumber\\": 8,
              \\"evalOrigin\\": \\"__tests__/_regressionsApp.js\\",
              \\"toplevel\\": false,
              \\"eval\\": false,
              \\"native\\": false,
              \\"constructor\\": false
            }
          ],
          \\"path\\": \\"/\\"
        },
        {
          \\"type\\": \\"route\\",
          \\"instance\\": \\"[Route]\\",
          \\"children\\": [
            {
              \\"type\\": \\"handler\\",
              \\"instance\\": \\"[Function]\\",
              \\"name\\": \\"<anonymous>\\",
              \\"method\\": \\"get\\",
              \\"trace\\": [
                {
                  \\"typeName\\": \\"Object\\",
                  \\"functionName\\": \\"Object.<anonymous>\\",
                  \\"methodName\\": null,
                  \\"fileName\\": \\"__tests__/_regressionsApp.js\\",
                  \\"lineNumber\\": 35,
                  \\"columnNumber\\": 8,
                  \\"evalOrigin\\": \\"__tests__/_regressionsApp.js\\",
                  \\"toplevel\\": false,
                  \\"eval\\": false,
                  \\"native\\": false,
                  \\"constructor\\": false
                }
              ],
              \\"path\\": \\"/\\"
            }
          ],
          \\"trace\\": [
            {
              \\"typeName\\": \\"Object\\",
              \\"functionName\\": \\"Object.<anonymous>\\",
              \\"methodName\\": null,
              \\"fileName\\": \\"__tests__/_regressionsApp.js\\",
              \\"lineNumber\\": 35,
              \\"columnNumber\\": 8,
              \\"evalOrigin\\": \\"__tests__/_regressionsApp.js\\",
              \\"toplevel\\": false,
              \\"eval\\": false,
              \\"native\\": false,
              \\"constructor\\": false
            }
          ],
          \\"path\\": \\"/:id\\"
        }
      ],
      \\"trace\\": [
        {
          \\"typeName\\": \\"Object\\",
          \\"functionName\\": \\"Object.<anonymous>\\",
          \\"methodName\\": null,
          \\"fileName\\": \\"__tests__/_regressionsApp.js\\",
          \\"lineNumber\\": 39,
          \\"columnNumber\\": 5,
          \\"evalOrigin\\": \\"__tests__/_regressionsApp.js\\",
          \\"toplevel\\": false,
          \\"eval\\": false,
          \\"native\\": false,
          \\"constructor\\": false
        }
      ],
      \\"path\\": \\"/bars\\"
    },
    {
      \\"type\\": \\"route\\",
      \\"instance\\": \\"[Route]\\",
      \\"children\\": [
        {
          \\"type\\": \\"handler\\",
          \\"instance\\": \\"[Function]\\",
          \\"name\\": \\"localMiddleware\\",
          \\"method\\": \\"get\\",
          \\"trace\\": [
            {
              \\"typeName\\": \\"Object\\",
              \\"functionName\\": \\"Object.<anonymous>\\",
              \\"methodName\\": null,
              \\"fileName\\": \\"__tests__/_regressionsApp.js\\",
              \\"lineNumber\\": 45,
              \\"columnNumber\\": 5,
              \\"evalOrigin\\": \\"__tests__/_regressionsApp.js\\",
              \\"toplevel\\": false,
              \\"eval\\": false,
              \\"native\\": false,
              \\"constructor\\": false
            }
          ],
          \\"path\\": \\"/\\"
        },
        {
          \\"type\\": \\"handler\\",
          \\"instance\\": \\"[Function]\\",
          \\"name\\": \\"<anonymous>\\",
          \\"method\\": \\"get\\",
          \\"trace\\": [
            {
              \\"typeName\\": \\"Object\\",
              \\"functionName\\": \\"Object.<anonymous>\\",
              \\"methodName\\": null,
              \\"fileName\\": \\"__tests__/_regressionsApp.js\\",
              \\"lineNumber\\": 45,
              \\"columnNumber\\": 5,
              \\"evalOrigin\\": \\"__tests__/_regressionsApp.js\\",
              \\"toplevel\\": false,
              \\"eval\\": false,
              \\"native\\": false,
              \\"constructor\\": false
            }
          ],
          \\"path\\": \\"/\\"
        }
      ],
      \\"trace\\": [
        {
          \\"typeName\\": \\"Object\\",
          \\"functionName\\": \\"Object.<anonymous>\\",
          \\"methodName\\": null,
          \\"fileName\\": \\"__tests__/_regressionsApp.js\\",
          \\"lineNumber\\": 45,
          \\"columnNumber\\": 5,
          \\"evalOrigin\\": \\"__tests__/_regressionsApp.js\\",
          \\"toplevel\\": false,
          \\"eval\\": false,
          \\"native\\": false,
          \\"constructor\\": false
        }
      ],
      \\"path\\": \\"/baz\\"
    }
  ],
  \\"instance\\": \\"[Function]\\",
  \\"path\\": \\"/\\"
}"
`;
